IP Upgrade report for DE10_Nano_HDMI_TX
Thu Mar 29 09:42:39 2018
Quartus Prime Version 17.1.0 Build 590 10/25/2017 SJ Lite Edition


---------------------
; Table of Contents ;
---------------------
  1. Legal Notice
  2. IP Upgrade Summary
  3. Successfully Upgraded IP Components
  4. IP Upgrade Messages



----------------
; Legal Notice ;
----------------
Copyright (C) 2017  Intel Corporation. All rights reserved.
Your use of Intel Corporation's design tools, logic functions 
and other software and tools, and its AMPP partner logic 
functions, and any output files from any of the foregoing 
(including device programming or simulation files), and any 
associated documentation or information are expressly subject 
to the terms and conditions of the Intel Program License 
Subscription Agreement, the Intel Quartus Prime License Agreement,
the Intel FPGA IP License Agreement, or other applicable license
agreement, including, without limitation, that your use is for
the sole purpose of programming logic devices manufactured by
Intel and sold by Intel or its authorized distributors.  Please
refer to the applicable agreement for further details.



+----------------------------------------------------------------------------+
; IP Upgrade Summary                                                         ;
+------------------------------+---------------------------------------------+
; IP Components Upgrade Status ; Passed - Thu Mar 29 09:42:39 2018           ;
; Quartus Prime Version        ; 17.1.0 Build 590 10/25/2017 SJ Lite Edition ;
; Revision Name                ; DE10_Nano_HDMI_TX                           ;
; Top-level Entity Name        ; DE10_Nano_HDMI_TX                           ;
; Family                       ; Cyclone V                                   ;
+------------------------------+---------------------------------------------+


+-----------------------------------------------------------------------------------------------------------------------------+
; Successfully Upgraded IP Components                                                                                         ;
+--------------+---------------------+---------+----------------------+----------------------+----------------------+---------+
; Entity Name  ; Component Name      ; Version ; Original Source File ; Generation File Path ; New Source File      ; Message ;
+--------------+---------------------+---------+----------------------+----------------------+----------------------+---------+
; sys_pll      ; altera_pll          ; 16.0    ; pll/sys_pll.qip      ; pll/sys_pll.v        ; pll/sys_pll.qip      ;         ;
; pll_reconfig ; altera_pll_reconfig ; 16.0    ; pll/pll_reconfig.qip ; pll/pll_reconfig.v   ; pll/pll_reconfig.qip ;         ;
; pll          ; altera_pll          ; 16.0    ; pll/pll.qip          ; pll/pll.v            ; pll/pll.qip          ;         ;
+--------------+---------------------+---------+----------------------+----------------------+----------------------+---------+


+---------------------+
; IP Upgrade Messages ;
+---------------------+
Info (11902): Backing up file "pll/sys_pll.v" to "pll/sys_pll.BAK.v"
Info (11837): Started upgrading IP component altera_pll with file "pll/sys_pll.v"
Info (11902): Backing up file "pll/pll_reconfig.v" to "pll/pll_reconfig.BAK.v"
Info (11837): Started upgrading IP component altera_pll_reconfig with file "pll/pll_reconfig.v"
Info (11902): Backing up file "pll/pll.v" to "pll/pll.BAK.v"
Info (11837): Started upgrading IP component altera_pll with file "pll/pll.v"
Info (11131): Completed upgrading IP component altera_pll with file "pll/sys_pll.v"
Info (11131): Completed upgrading IP component altera_pll_reconfig with file "pll/pll_reconfig.v"
Info (11131): Completed upgrading IP component altera_pll with file "pll/pll.v"
Info (23030): Evaluation of Tcl script /home/camp/altera/17.1/quartus/common/tcl/internal/ip_regen/ip_regen.tcl was successful
Info: Quartus Prime Shell was successful. 0 errors, 0 warnings
    Info: Peak virtual memory: 1060 megabytes
    Info: Processing ended: Thu Mar 29 09:42:40 2018
    Info: Elapsed time: 00:05:07
    Info: Total CPU time (on all processors): 00:09:38


