------------------------------------------------------------
TimeQuest Timing Analyzer Summary
------------------------------------------------------------

Type  : Slow 1100mV 100C Model Setup 'inst|u_vpg|u_pll|pll_inst|altera_pll_i|cyclonev_pll|counter[0].output_counter|divclk'
Slack : -240.142
TNS   : -12776.895

Type  : Slow 1100mV 100C Model Setup 'FPGA_CLK2_50'
Slack : -6.258
TNS   : -72.277

Type  : Slow 1100mV 100C Model Setup 'FPGA_CLK1_50'
Slack : 4.824
TNS   : 0.000

Type  : Slow 1100mV 100C Model Setup 'inst|u_sys_pll|sys_pll_inst|altera_pll_i|general[0].gpll~PLL_OUTPUT_COUNTER|divclk'
Slack : 1659.631
TNS   : 0.000

Type  : Slow 1100mV 100C Model Hold 'FPGA_CLK1_50'
Slack : 0.253
TNS   : 0.000

Type  : Slow 1100mV 100C Model Hold 'inst|u_sys_pll|sys_pll_inst|altera_pll_i|general[0].gpll~PLL_OUTPUT_COUNTER|divclk'
Slack : 0.385
TNS   : 0.000

Type  : Slow 1100mV 100C Model Hold 'FPGA_CLK2_50'
Slack : 0.419
TNS   : 0.000

Type  : Slow 1100mV 100C Model Hold 'inst|u_vpg|u_pll|pll_inst|altera_pll_i|cyclonev_pll|counter[0].output_counter|divclk'
Slack : 0.427
TNS   : 0.000

Type  : Slow 1100mV 100C Model Recovery 'FPGA_CLK1_50'
Slack : 5.806
TNS   : 0.000

Type  : Slow 1100mV 100C Model Recovery 'FPGA_CLK2_50'
Slack : 15.399
TNS   : 0.000

Type  : Slow 1100mV 100C Model Removal 'FPGA_CLK2_50'
Slack : 1.120
TNS   : 0.000

Type  : Slow 1100mV 100C Model Removal 'FPGA_CLK1_50'
Slack : 1.853
TNS   : 0.000

Type  : Slow 1100mV 100C Model Minimum Pulse Width 'inst|u_vpg|u_pll|pll_inst|altera_pll_i|cyclonev_pll|fpll_0|fpll|vcoph[0]'
Slack : 0.617
TNS   : 0.000

Type  : Slow 1100mV 100C Model Minimum Pulse Width 'inst|u_sys_pll|sys_pll_inst|altera_pll_i|general[0].gpll~FRACTIONAL_PLL|vcoph[0]'
Slack : 2.073
TNS   : 0.000

Type  : Slow 1100mV 100C Model Minimum Pulse Width 'inst|u_vpg|u_pll|pll_inst|altera_pll_i|cyclonev_pll|counter[0].output_counter|divclk'
Slack : 2.355
TNS   : 0.000

Type  : Slow 1100mV 100C Model Minimum Pulse Width 'FPGA_CLK1_50'
Slack : 8.832
TNS   : 0.000

Type  : Slow 1100mV 100C Model Minimum Pulse Width 'FPGA_CLK2_50'
Slack : 9.170
TNS   : 0.000

Type  : Slow 1100mV 100C Model Minimum Pulse Width 'inst|u_sys_pll|sys_pll_inst|altera_pll_i|general[0].gpll~PLL_OUTPUT_COUNTER|divclk'
Slack : 832.679
TNS   : 0.000

Type  : Slow 1100mV -40C Model Setup 'inst|u_vpg|u_pll|pll_inst|altera_pll_i|cyclonev_pll|counter[0].output_counter|divclk'
Slack : -240.099
TNS   : -12760.656

Type  : Slow 1100mV -40C Model Setup 'FPGA_CLK2_50'
Slack : -5.928
TNS   : -66.712

Type  : Slow 1100mV -40C Model Setup 'FPGA_CLK1_50'
Slack : 4.768
TNS   : 0.000

Type  : Slow 1100mV -40C Model Setup 'inst|u_sys_pll|sys_pll_inst|altera_pll_i|general[0].gpll~PLL_OUTPUT_COUNTER|divclk'
Slack : 1659.947
TNS   : 0.000

Type  : Slow 1100mV -40C Model Hold 'FPGA_CLK1_50'
Slack : 0.247
TNS   : 0.000

Type  : Slow 1100mV -40C Model Hold 'inst|u_sys_pll|sys_pll_inst|altera_pll_i|general[0].gpll~PLL_OUTPUT_COUNTER|divclk'
Slack : 0.360
TNS   : 0.000

Type  : Slow 1100mV -40C Model Hold 'inst|u_vpg|u_pll|pll_inst|altera_pll_i|cyclonev_pll|counter[0].output_counter|divclk'
Slack : 0.444
TNS   : 0.000

Type  : Slow 1100mV -40C Model Hold 'FPGA_CLK2_50'
Slack : 0.445
TNS   : 0.000

Type  : Slow 1100mV -40C Model Recovery 'FPGA_CLK1_50'
Slack : 5.882
TNS   : 0.000

Type  : Slow 1100mV -40C Model Recovery 'FPGA_CLK2_50'
Slack : 15.679
TNS   : 0.000

Type  : Slow 1100mV -40C Model Removal 'FPGA_CLK2_50'
Slack : 1.034
TNS   : 0.000

Type  : Slow 1100mV -40C Model Removal 'FPGA_CLK1_50'
Slack : 1.715
TNS   : 0.000

Type  : Slow 1100mV -40C Model Minimum Pulse Width 'inst|u_vpg|u_pll|pll_inst|altera_pll_i|cyclonev_pll|fpll_0|fpll|vcoph[0]'
Slack : 0.617
TNS   : 0.000

Type  : Slow 1100mV -40C Model Minimum Pulse Width 'inst|u_sys_pll|sys_pll_inst|altera_pll_i|general[0].gpll~FRACTIONAL_PLL|vcoph[0]'
Slack : 2.073
TNS   : 0.000

Type  : Slow 1100mV -40C Model Minimum Pulse Width 'inst|u_vpg|u_pll|pll_inst|altera_pll_i|cyclonev_pll|counter[0].output_counter|divclk'
Slack : 2.284
TNS   : 0.000

Type  : Slow 1100mV -40C Model Minimum Pulse Width 'FPGA_CLK1_50'
Slack : 8.809
TNS   : 0.000

Type  : Slow 1100mV -40C Model Minimum Pulse Width 'FPGA_CLK2_50'
Slack : 9.287
TNS   : 0.000

Type  : Slow 1100mV -40C Model Minimum Pulse Width 'inst|u_sys_pll|sys_pll_inst|altera_pll_i|general[0].gpll~PLL_OUTPUT_COUNTER|divclk'
Slack : 832.604
TNS   : 0.000

Type  : Fast 1100mV 100C Model Setup 'inst|u_vpg|u_pll|pll_inst|altera_pll_i|cyclonev_pll|counter[0].output_counter|divclk'
Slack : -232.247
TNS   : -12452.682

Type  : Fast 1100mV 100C Model Setup 'FPGA_CLK2_50'
Slack : -3.455
TNS   : -39.485

Type  : Fast 1100mV 100C Model Setup 'FPGA_CLK1_50'
Slack : 7.450
TNS   : 0.000

Type  : Fast 1100mV 100C Model Setup 'inst|u_sys_pll|sys_pll_inst|altera_pll_i|general[0].gpll~PLL_OUTPUT_COUNTER|divclk'
Slack : 1662.445
TNS   : 0.000

Type  : Fast 1100mV 100C Model Hold 'FPGA_CLK1_50'
Slack : 0.135
TNS   : 0.000

Type  : Fast 1100mV 100C Model Hold 'FPGA_CLK2_50'
Slack : 0.178
TNS   : 0.000

Type  : Fast 1100mV 100C Model Hold 'inst|u_vpg|u_pll|pll_inst|altera_pll_i|cyclonev_pll|counter[0].output_counter|divclk'
Slack : 0.179
TNS   : 0.000

Type  : Fast 1100mV 100C Model Hold 'inst|u_sys_pll|sys_pll_inst|altera_pll_i|general[0].gpll~PLL_OUTPUT_COUNTER|divclk'
Slack : 0.204
TNS   : 0.000

Type  : Fast 1100mV 100C Model Recovery 'FPGA_CLK1_50'
Slack : 8.105
TNS   : 0.000

Type  : Fast 1100mV 100C Model Recovery 'FPGA_CLK2_50'
Slack : 17.350
TNS   : 0.000

Type  : Fast 1100mV 100C Model Removal 'FPGA_CLK2_50'
Slack : 0.550
TNS   : 0.000

Type  : Fast 1100mV 100C Model Removal 'FPGA_CLK1_50'
Slack : 0.964
TNS   : 0.000

Type  : Fast 1100mV 100C Model Minimum Pulse Width 'inst|u_vpg|u_pll|pll_inst|altera_pll_i|cyclonev_pll|fpll_0|fpll|vcoph[0]'
Slack : 0.617
TNS   : 0.000

Type  : Fast 1100mV 100C Model Minimum Pulse Width 'inst|u_sys_pll|sys_pll_inst|altera_pll_i|general[0].gpll~FRACTIONAL_PLL|vcoph[0]'
Slack : 2.073
TNS   : 0.000

Type  : Fast 1100mV 100C Model Minimum Pulse Width 'inst|u_vpg|u_pll|pll_inst|altera_pll_i|cyclonev_pll|counter[0].output_counter|divclk'
Slack : 2.634
TNS   : 0.000

Type  : Fast 1100mV 100C Model Minimum Pulse Width 'FPGA_CLK1_50'
Slack : 8.514
TNS   : 0.000

Type  : Fast 1100mV 100C Model Minimum Pulse Width 'FPGA_CLK2_50'
Slack : 9.106
TNS   : 0.000

Type  : Fast 1100mV 100C Model Minimum Pulse Width 'inst|u_sys_pll|sys_pll_inst|altera_pll_i|general[0].gpll~PLL_OUTPUT_COUNTER|divclk'
Slack : 832.967
TNS   : 0.000

Type  : Fast 1100mV -40C Model Setup 'inst|u_vpg|u_pll|pll_inst|altera_pll_i|cyclonev_pll|counter[0].output_counter|divclk'
Slack : -231.115
TNS   : -12399.960

Type  : Fast 1100mV -40C Model Setup 'FPGA_CLK2_50'
Slack : -2.688
TNS   : -30.825

Type  : Fast 1100mV -40C Model Setup 'FPGA_CLK1_50'
Slack : 7.672
TNS   : 0.000

Type  : Fast 1100mV -40C Model Setup 'inst|u_sys_pll|sys_pll_inst|altera_pll_i|general[0].gpll~PLL_OUTPUT_COUNTER|divclk'
Slack : 1663.202
TNS   : 0.000

Type  : Fast 1100mV -40C Model Hold 'FPGA_CLK1_50'
Slack : 0.117
TNS   : 0.000

Type  : Fast 1100mV -40C Model Hold 'FPGA_CLK2_50'
Slack : 0.154
TNS   : 0.000

Type  : Fast 1100mV -40C Model Hold 'inst|u_vpg|u_pll|pll_inst|altera_pll_i|cyclonev_pll|counter[0].output_counter|divclk'
Slack : 0.164
TNS   : 0.000

Type  : Fast 1100mV -40C Model Hold 'inst|u_sys_pll|sys_pll_inst|altera_pll_i|general[0].gpll~PLL_OUTPUT_COUNTER|divclk'
Slack : 0.177
TNS   : 0.000

Type  : Fast 1100mV -40C Model Recovery 'FPGA_CLK1_50'
Slack : 8.513
TNS   : 0.000

Type  : Fast 1100mV -40C Model Recovery 'FPGA_CLK2_50'
Slack : 17.777
TNS   : 0.000

Type  : Fast 1100mV -40C Model Removal 'FPGA_CLK2_50'
Slack : 0.468
TNS   : 0.000

Type  : Fast 1100mV -40C Model Removal 'FPGA_CLK1_50'
Slack : 0.810
TNS   : 0.000

Type  : Fast 1100mV -40C Model Minimum Pulse Width 'inst|u_vpg|u_pll|pll_inst|altera_pll_i|cyclonev_pll|fpll_0|fpll|vcoph[0]'
Slack : 0.617
TNS   : 0.000

Type  : Fast 1100mV -40C Model Minimum Pulse Width 'inst|u_sys_pll|sys_pll_inst|altera_pll_i|general[0].gpll~FRACTIONAL_PLL|vcoph[0]'
Slack : 2.073
TNS   : 0.000

Type  : Fast 1100mV -40C Model Minimum Pulse Width 'inst|u_vpg|u_pll|pll_inst|altera_pll_i|cyclonev_pll|counter[0].output_counter|divclk'
Slack : 2.625
TNS   : 0.000

Type  : Fast 1100mV -40C Model Minimum Pulse Width 'FPGA_CLK1_50'
Slack : 8.443
TNS   : 0.000

Type  : Fast 1100mV -40C Model Minimum Pulse Width 'FPGA_CLK2_50'
Slack : 9.048
TNS   : 0.000

Type  : Fast 1100mV -40C Model Minimum Pulse Width 'inst|u_sys_pll|sys_pll_inst|altera_pll_i|general[0].gpll~PLL_OUTPUT_COUNTER|divclk'
Slack : 832.958
TNS   : 0.000

------------------------------------------------------------
